[INFO] Scanning for projects...
[WARNING] 
[WARNING] Some problems were encountered while building the effective model for com.zhixiang:auth-service:jar:1.0.0
[WARNING] 'dependencies.dependency.scope' for org.projectlombok:lombok:jar must be one of [provided, compile, runtime, test, system] but is 'annotationProcessor'. @ line 26, column 20
[WARNING] 
[WARNING] Some problems were encountered while building the effective model for com.zhixiang:trade-service:jar:1.0.0
[WARNING] 'dependencies.dependency.scope' for org.projectlombok:lombok:jar must be one of [provided, compile, runtime, test, system] but is 'annotationProcessor'. @ line 26, column 20
[WARNING] 
[WARNING] Some problems were encountered while building the effective model for com.zhixiang:ops-service:jar:1.0.0
[WARNING] 'dependencies.dependency.scope' for org.projectlombok:lombok:jar must be one of [provided, compile, runtime, test, system] but is 'annotationProcessor'. @ line 26, column 20
[WARNING] 
[WARNING] Some problems were encountered while building the effective model for com.zhixiang:ai-service:jar:1.0.0
[WARNING] 'dependencies.dependency.scope' for org.projectlombok:lombok:jar must be one of [provided, compile, runtime, test, system] but is 'annotationProcessor'. @ line 26, column 20
[WARNING] 
[WARNING] It is highly recommended to fix these problems because they threaten the stability of your build.
[WARNING] 
[WARNING] For this reason, future Maven versions might no longer support building such malformed projects.
[WARNING] 
[INFO] 
[INFO] ---------------------< com.zhixiang:auth-service >----------------------
[INFO] Building auth-service 1.0.0
[INFO]   from pom.xml
[INFO] --------------------------------[ jar ]---------------------------------
[INFO] 
[INFO] >>> spring-boot:3.2.4:run (default-cli) > test-compile @ auth-service >>>
[INFO] 
[INFO] --- resources:3.3.1:resources (default-resources) @ auth-service ---
[INFO] Copying 1 resource from src\main\resources to target\classes
[INFO] Copying 1 resource from src\main\resources to target\classes
[INFO] 
[INFO] --- compiler:3.11.0:compile (default-compile) @ auth-service ---
[INFO] Nothing to compile - all classes are up to date
[INFO] 
[INFO] --- resources:3.3.1:testResources (default-testResources) @ auth-service ---
[INFO] skip non existing resourceDirectory C:\Users\35456\Desktop\rag\backend\auth-service\src\test\resources
[INFO] 
[INFO] --- compiler:3.11.0:testCompile (default-testCompile) @ auth-service ---
[INFO] No sources to compile
[INFO] 
[INFO] <<< spring-boot:3.2.4:run (default-cli) < test-compile @ auth-service <<<
[INFO] 
[INFO] 
[INFO] --- spring-boot:3.2.4:run (default-cli) @ auth-service ---
[INFO] Attaching agents: []

  .   ____          _            __ _ _
 /\\ / ___'_ __ _ _(_)_ __  __ _ \ \ \ \
( ( )\___ | '_ | '_| | '_ \/ _` | \ \ \ \
 \\/  ___)| |_)| | | | | || (_| |  ) ) ) )
  '  |____| .__|_| |_|_| |_\__, | / / / /
 =========|_|==============|___/=/_/_/_/
 :: Spring Boot ::                (v3.2.4)

2026-08-13T12:29:38.655+08:00  INFO 23796 --- [auth-service] [           main] com.zhixiang.auth.AuthApplication        : Starting AuthApplication using Java 17.0.9 with PID 23796 (C:\Users\35456\Desktop\rag\backend\auth-service\target\classes started by 35456 in C:\Users\35456\Desktop\rag\backend\auth-service)
2026-08-13T12:29:38.657+08:00 DEBUG 23796 --- [auth-service] [           main] com.zhixiang.auth.AuthApplication        : Running with Spring Boot v3.2.4, Spring v6.1.5
2026-08-13T12:29:38.657+08:00  INFO 23796 --- [auth-service] [           main] com.zhixiang.auth.AuthApplication        : No active profile set, falling back to 1 default profile: "default"
2026-08-13T12:29:38.687+08:00  WARN 23796 --- [auth-service] [           main] c.a.c.n.c.NacosConfigDataLoader          : [Nacos Config] config[dataId=auth-service.yml, group=RESTAURANT] is empty
2026-08-13T12:29:39.370+08:00  INFO 23796 --- [auth-service] [           main] .s.d.r.c.RepositoryConfigurationDelegate : Multiple Spring Data modules found, entering strict repository configuration mode
2026-08-13T12:29:39.375+08:00  INFO 23796 --- [auth-service] [           main] .s.d.r.c.RepositoryConfigurationDelegate : Bootstrapping Spring Data Redis repositories in DEFAULT mode.
2026-08-13T12:29:39.405+08:00  INFO 23796 --- [auth-service] [           main] .s.d.r.c.RepositoryConfigurationDelegate : Finished Spring Data repository scanning in 10 ms. Found 0 Redis repository interfaces.
2026-08-13T12:29:39.548+08:00  INFO 23796 --- [auth-service] [           main] o.s.cloud.context.scope.GenericScope     : BeanFactory id=5cb6b822-b67a-3e5e-80a5-7ae007f39fae
2026-08-13T12:29:39.917+08:00  INFO 23796 --- [auth-service] [           main] o.s.b.w.embedded.tomcat.TomcatWebServer  : Tomcat initialized with port 8081 (http)
2026-08-13T12:29:39.926+08:00  INFO 23796 --- [auth-service] [           main] o.apache.catalina.core.StandardService   : Starting service [Tomcat]
2026-08-13T12:29:39.926+08:00  INFO 23796 --- [auth-service] [           main] o.apache.catalina.core.StandardEngine    : Starting Servlet engine: [Apache Tomcat/10.1.19]
2026-08-13T12:29:39.965+08:00  INFO 23796 --- [auth-service] [           main] o.a.c.c.C.[Tomcat].[localhost].[/api]    : Initializing Spring embedded WebApplicationContext
2026-08-13T12:29:39.966+08:00  INFO 23796 --- [auth-service] [           main] w.s.c.ServletWebServerApplicationContext : Root WebApplicationContext: initialization completed in 1276 ms
Logging initialized using 'class org.apache.ibatis.logging.stdout.StdOutImpl' adapter.
Get /172.29.240.1 network interface 
Get network interface info: name:eth10 (Hyper-V Virtual Ethernet Adapter)
Initialization Sequence datacenterId:1 workerId:2
 _ _   |_  _ _|_. ___ _ |    _ 
| | |\/|_)(_| | |_\  |_)||_|_\ 
     /               |         
                        3.5.7 
2026-08-13T12:29:42.215+08:00  INFO 23796 --- [auth-service] [           main] o.s.cloud.commons.util.InetUtils         : Cannot determine local hostname
2026-08-13T12:29:42.225+08:00  INFO 23796 --- [auth-service] [           main] o.s.b.a.e.web.EndpointLinksResolver      : Exposing 18 endpoint(s) beneath base path '/actuator'
2026-08-13T12:29:42.271+08:00  INFO 23796 --- [auth-service] [           main] o.s.b.w.embedded.tomcat.TomcatWebServer  : Tomcat started on port 8081 (http) with context path '/api'
2026-08-13T12:29:42.277+08:00  INFO 23796 --- [auth-service] [           main] com.alibaba.nacos.client.naming          : initializer namespace from ans.namespace attribute : null
2026-08-13T12:29:42.279+08:00  INFO 23796 --- [auth-service] [           main] com.alibaba.nacos.client.naming          : initializer namespace from ALIBABA_ALIWARE_NAMESPACE attribute :null
2026-08-13T12:29:42.279+08:00  INFO 23796 --- [auth-service] [           main] com.alibaba.nacos.client.naming          : initializer namespace from namespace attribute :null
2026-08-13T12:29:42.282+08:00  INFO 23796 --- [auth-service] [           main] com.alibaba.nacos.client.naming          : FailoverDataSource type is class com.alibaba.nacos.client.naming.backups.datasource.DiskFailoverDataSource
2026-08-13T12:29:42.285+08:00  INFO 23796 --- [auth-service] [           main] c.a.n.p.a.s.c.ClientAuthPluginManager    : [ClientAuthPluginManager] Load ClientAuthService com.alibaba.nacos.client.auth.impl.NacosClientAuthServiceImpl success.
2026-08-13T12:29:42.286+08:00  INFO 23796 --- [auth-service] [           main] c.a.n.p.a.s.c.ClientAuthPluginManager    : [ClientAuthPluginManager] Load ClientAuthService com.alibaba.nacos.client.auth.ram.RamClientAuthServiceImpl success.
2026-08-13T12:29:42.289+08:00  INFO 23796 --- [auth-service] [           main] com.alibaba.nacos.common.remote.client   : [RpcClientFactory] create a new rpc client of 6f06d142-c230-4f1d-9eb7-a8cb4e9f4673
2026-08-13T12:29:42.290+08:00  INFO 23796 --- [auth-service] [           main] com.alibaba.nacos.client.naming          : Create naming rpc client for uuid->6f06d142-c230-4f1d-9eb7-a8cb4e9f4673
2026-08-13T12:29:42.291+08:00  INFO 23796 --- [auth-service] [           main] com.alibaba.nacos.common.remote.client   : [6f06d142-c230-4f1d-9eb7-a8cb4e9f4673] RpcClient init, ServerListFactory = com.alibaba.nacos.client.naming.core.ServerListManager
2026-08-13T12:29:42.291+08:00  INFO 23796 --- [auth-service] [           main] com.alibaba.nacos.common.remote.client   : [6f06d142-c230-4f1d-9eb7-a8cb4e9f4673] Registry connection listener to current client:com.alibaba.nacos.client.naming.remote.gprc.redo.NamingGrpcRedoService
2026-08-13T12:29:42.291+08:00  INFO 23796 --- [auth-service] [           main] com.alibaba.nacos.common.remote.client   : [6f06d142-c230-4f1d-9eb7-a8cb4e9f4673] Register server push request handler:com.alibaba.nacos.client.naming.remote.gprc.NamingPushRequestHandler
2026-08-13T12:29:42.292+08:00  INFO 23796 --- [auth-service] [           main] com.alibaba.nacos.common.remote.client   : [6f06d142-c230-4f1d-9eb7-a8cb4e9f4673] Try to connect to server on start up, server: {serverIp = '127.0.0.1', server main port = 8848}
2026-08-13T12:29:42.292+08:00  INFO 23796 --- [auth-service] [           main] c.a.n.c.remote.client.grpc.GrpcClient    : grpc client connection server:127.0.0.1 ip,serverPort:9848,grpcTslConfig:{"sslProvider":"","enableTls":false,"mutualAuthEnable":false,"trustAll":false}
2026-08-13T12:29:42.304+08:00  INFO 23796 --- [auth-service] [           main] com.alibaba.nacos.common.remote.client   : [6f06d142-c230-4f1d-9eb7-a8cb4e9f4673] Success to connect to server [127.0.0.1:8848] on start up, connectionId = 1786595382296_127.0.0.1_56250
2026-08-13T12:29:42.304+08:00  INFO 23796 --- [auth-service] [           main] com.alibaba.nacos.common.remote.client   : [6f06d142-c230-4f1d-9eb7-a8cb4e9f4673] Register server push request handler:com.alibaba.nacos.common.remote.client.RpcClient$ConnectResetRequestHandler
2026-08-13T12:29:42.304+08:00  INFO 23796 --- [auth-service] [remote.worker.0] com.alibaba.nacos.common.remote.client   : [6f06d142-c230-4f1d-9eb7-a8cb4e9f4673] Notify connected event to listeners.
2026-08-13T12:29:42.305+08:00  INFO 23796 --- [auth-service] [           main] com.alibaba.nacos.common.remote.client   : [6f06d142-c230-4f1d-9eb7-a8cb4e9f4673] Register server push request handler:com.alibaba.nacos.common.remote.client.RpcClient$$Lambda$293/0x000001dbcd34c800
2026-08-13T12:29:42.305+08:00  INFO 23796 --- [auth-service] [remote.worker.0] com.alibaba.nacos.client.naming          : Grpc connection connect
2026-08-13T12:29:42.306+08:00  INFO 23796 --- [auth-service] [           main] com.alibaba.nacos.client.naming          : [REGISTER-SERVICE] public registering service auth-service with instance Instance{instanceId='null', ip='127.0.0.1', port=8081, weight=1.0, healthy=true, enabled=true, ephemeral=true, clusterName='DEFAULT', serviceName='null', metadata={preserved.register.source=SPRING_CLOUD}}
2026-08-13T12:29:42.316+08:00  INFO 23796 --- [auth-service] [           main] c.a.c.n.registry.NacosServiceRegistry    : nacos registry, RESTAURANT auth-service 127.0.0.1:8081 register finished
2026-08-13T12:29:43.504+08:00  INFO 23796 --- [auth-service] [           main] o.s.cloud.commons.util.InetUtils         : Cannot determine local hostname
2026-08-13T12:29:43.528+08:00  INFO 23796 --- [auth-service] [           main] com.zhixiang.auth.AuthApplication        : Started AuthApplication in 7.523 seconds (process running for 7.775)
2026-08-13T12:29:43.571+08:00  INFO 23796 --- [auth-service] [           main] c.a.nacos.client.config.impl.CacheData   : config listener notify warn timeout millis use default 60000 millis 
2026-08-13T12:29:43.572+08:00  INFO 23796 --- [auth-service] [           main] c.a.nacos.client.config.impl.CacheData   : nacos.cache.data.init.snapshot = true 
2026-08-13T12:29:43.572+08:00  INFO 23796 --- [auth-service] [           main] c.a.n.client.config.impl.ClientWorker    : [fixed-127.0.0.1_8848] [subscribe] auth-service.yml+RESTAURANT
2026-08-13T12:29:43.583+08:00  INFO 23796 --- [auth-service] [           main] c.a.nacos.client.config.impl.CacheData   : [fixed-127.0.0.1_8848] [add-listener] ok, tenant=, dataId=auth-service.yml, group=RESTAURANT, cnt=1
2026-08-13T12:29:43.584+08:00  INFO 23796 --- [auth-service] [           main] c.a.c.n.refresh.NacosContextRefresher    : [Nacos Config] Listening config: dataId=auth-service.yml, group=RESTAURANT
2026-08-13T12:30:16.249+08:00  INFO 23796 --- [auth-service] [nio-8081-exec-2] o.a.c.c.C.[Tomcat].[localhost].[/api]    : Initializing Spring DispatcherServlet 'dispatcherServlet'
2026-08-13T12:30:16.250+08:00  INFO 23796 --- [auth-service] [nio-8081-exec-2] o.s.web.servlet.DispatcherServlet        : Initializing Servlet 'dispatcherServlet'
2026-08-13T12:30:16.250+08:00  INFO 23796 --- [auth-service] [nio-8081-exec-2] o.s.web.servlet.DispatcherServlet        : Completed initialization in 0 ms
Creating a new SqlSession
SqlSession [org.apache.ibatis.session.defaults.DefaultSqlSession@7be803bd] was not registered for synchronization because synchronization is not active
2026-08-13T12:30:16.303+08:00  INFO 23796 --- [auth-service] [nio-8081-exec-2] com.zaxxer.hikari.HikariDataSource       : HikariPool-1 - Starting...
2026-08-13T12:30:16.435+08:00  INFO 23796 --- [auth-service] [nio-8081-exec-2] com.zaxxer.hikari.pool.HikariPool        : HikariPool-1 - Added connection com.mysql.cj.jdbc.ConnectionImpl@91a45cd
2026-08-13T12:30:16.439+08:00  INFO 23796 --- [auth-service] [nio-8081-exec-2] com.zaxxer.hikari.HikariDataSource       : HikariPool-1 - Start completed.
JDBC Connection [HikariProxyConnection@397215459 wrapping com.mysql.cj.jdbc.ConnectionImpl@91a45cd] will not be managed by Spring
==>  Preparing: SELECT * FROM sys_user WHERE username = ?
==> Parameters: admin(String)
<==    Columns: id, username, password, nick_name, role, status, create_time
<==        Row: 1, admin, 0192023a7bbd73250516f069df18b500, 店长小李, ADMIN, 1, 2026-08-03 10:38:48
<==      Total: 1
Closing non transactional SqlSession [org.apache.ibatis.session.defaults.DefaultSqlSession@7be803bd]
Creating a new SqlSession
SqlSession [org.apache.ibatis.session.defaults.DefaultSqlSession@5188d580] was not registered for synchronization because synchronization is not active
JDBC Connection [HikariProxyConnection@1438075753 wrapping com.mysql.cj.jdbc.ConnectionImpl@91a45cd] will not be managed by Spring
==>  Preparing: SELECT * FROM sys_user WHERE username = ?
==> Parameters: admin(String)
<==    Columns: id, username, password, nick_name, role, status, create_time
<==        Row: 1, admin, 0192023a7bbd73250516f069df18b500, 店长小李, ADMIN, 1, 2026-08-03 10:38:48
<==      Total: 1
Closing non transactional SqlSession [org.apache.ibatis.session.defaults.DefaultSqlSession@5188d580]
Creating a new SqlSession
SqlSession [org.apache.ibatis.session.defaults.DefaultSqlSession@3816cf63] was not registered for synchronization because synchronization is not active
JDBC Connection [HikariProxyConnection@79404152 wrapping com.mysql.cj.jdbc.ConnectionImpl@91a45cd] will not be managed by Spring
==>  Preparing: SELECT * FROM sys_user ORDER BY create_time DESC
==> Parameters: 
<==    Columns: id, username, password, nick_name, role, status, create_time
<==        Row: 4, xiaoming, e10adc3949ba59abbe56e057f20f883e, ??, USER, 1, 2026-08-04 14:06:30
<==        Row: 2, merchant, a52f2c0dbf38ade4f715e02c7124046e, 示例商家, MERCHANT, 1, 2026-08-04 14:05:13
<==        Row: 3, demo_customer, e10adc3949ba59abbe56e057f20f883e, 顾客示例, USER, 1, 2026-08-04 14:05:13
<==        Row: 1, admin, 0192023a7bbd73250516f069df18b500, 店长小李, ADMIN, 1, 2026-08-03 10:38:48
<==      Total: 4
Closing non transactional SqlSession [org.apache.ibatis.session.defaults.DefaultSqlSession@3816cf63]
Creating a new SqlSession
SqlSession [org.apache.ibatis.session.defaults.DefaultSqlSession@766c519e] was not registered for synchronization because synchronization is not active
JDBC Connection [HikariProxyConnection@1918098315 wrapping com.mysql.cj.jdbc.ConnectionImpl@91a45cd] will not be managed by Spring
==>  Preparing: SELECT * FROM sys_user WHERE username = ?
==> Parameters: admin(String)
<==    Columns: id, username, password, nick_name, role, status, create_time
<==        Row: 1, admin, 0192023a7bbd73250516f069df18b500, 店长小李, ADMIN, 1, 2026-08-03 10:38:48
<==      Total: 1
Closing non transactional SqlSession [org.apache.ibatis.session.defaults.DefaultSqlSession@766c519e]
Creating a new SqlSession
SqlSession [org.apache.ibatis.session.defaults.DefaultSqlSession@3d451143] was not registered for synchronization because synchronization is not active
JDBC Connection [HikariProxyConnection@964330035 wrapping com.mysql.cj.jdbc.ConnectionImpl@91a45cd] will not be managed by Spring
==>  Preparing: SELECT * FROM sys_user WHERE username = ?
==> Parameters: admin(String)
<==    Columns: id, username, password, nick_name, role, status, create_time
<==        Row: 1, admin, 0192023a7bbd73250516f069df18b500, 店长小李, ADMIN, 1, 2026-08-03 10:38:48
<==      Total: 1
Closing non transactional SqlSession [org.apache.ibatis.session.defaults.DefaultSqlSession@3d451143]
Creating a new SqlSession
SqlSession [org.apache.ibatis.session.defaults.DefaultSqlSession@4cb88c3f] was not registered for synchronization because synchronization is not active
JDBC Connection [HikariProxyConnection@347990981 wrapping com.mysql.cj.jdbc.ConnectionImpl@91a45cd] will not be managed by Spring
==>  Preparing: SELECT * FROM sys_user WHERE username = ?
==> Parameters: admin(String)
<==    Columns: id, username, password, nick_name, role, status, create_time
<==        Row: 1, admin, 0192023a7bbd73250516f069df18b500, 店长小李, ADMIN, 1, 2026-08-03 10:38:48
<==      Total: 1
Closing non transactional SqlSession [org.apache.ibatis.session.defaults.DefaultSqlSession@4cb88c3f]
Creating a new SqlSession
SqlSession [org.apache.ibatis.session.defaults.DefaultSqlSession@82ae26e] was not registered for synchronization because synchronization is not active
JDBC Connection [HikariProxyConnection@663988548 wrapping com.mysql.cj.jdbc.ConnectionImpl@91a45cd] will not be managed by Spring
==>  Preparing: SELECT * FROM sys_user ORDER BY create_time DESC
==> Parameters: 
<==    Columns: id, username, password, nick_name, role, status, create_time
<==        Row: 4, xiaoming, e10adc3949ba59abbe56e057f20f883e, ??, USER, 1, 2026-08-04 14:06:30
<==        Row: 2, merchant, a52f2c0dbf38ade4f715e02c7124046e, 示例商家, MERCHANT, 1, 2026-08-04 14:05:13
<==        Row: 3, demo_customer, e10adc3949ba59abbe56e057f20f883e, 顾客示例, USER, 1, 2026-08-04 14:05:13
<==        Row: 1, admin, 0192023a7bbd73250516f069df18b500, 店长小李, ADMIN, 1, 2026-08-03 10:38:48
<==      Total: 4
Closing non transactional SqlSession [org.apache.ibatis.session.defaults.DefaultSqlSession@82ae26e]
Creating a new SqlSession
SqlSession [org.apache.ibatis.session.defaults.DefaultSqlSession@2293fc58] was not registered for synchronization because synchronization is not active
JDBC Connection [HikariProxyConnection@431051989 wrapping com.mysql.cj.jdbc.ConnectionImpl@91a45cd] will not be managed by Spring
==>  Preparing: SELECT * FROM sys_user ORDER BY create_time DESC
==> Parameters: 
<==    Columns: id, username, password, nick_name, role, status, create_time
<==        Row: 4, xiaoming, e10adc3949ba59abbe56e057f20f883e, ??, USER, 1, 2026-08-04 14:06:30
<==        Row: 2, merchant, a52f2c0dbf38ade4f715e02c7124046e, 示例商家, MERCHANT, 1, 2026-08-04 14:05:13
<==        Row: 3, demo_customer, e10adc3949ba59abbe56e057f20f883e, 顾客示例, USER, 1, 2026-08-04 14:05:13
<==        Row: 1, admin, 0192023a7bbd73250516f069df18b500, 店长小李, ADMIN, 1, 2026-08-03 10:38:48
<==      Total: 4
Closing non transactional SqlSession [org.apache.ibatis.session.defaults.DefaultSqlSession@2293fc58]
Creating a new SqlSession
SqlSession [org.apache.ibatis.session.defaults.DefaultSqlSession@64ef0804] was not registered for synchronization because synchronization is not active
JDBC Connection [HikariProxyConnection@1624277057 wrapping com.mysql.cj.jdbc.ConnectionImpl@91a45cd] will not be managed by Spring
==>  Preparing: SELECT * FROM sys_user WHERE username = ?
==> Parameters: admin(String)
<==    Columns: id, username, password, nick_name, role, status, create_time
<==        Row: 1, admin, 0192023a7bbd73250516f069df18b500, 店长小李, ADMIN, 1, 2026-08-03 10:38:48
<==      Total: 1
Closing non transactional SqlSession [org.apache.ibatis.session.defaults.DefaultSqlSession@64ef0804]
Creating a new SqlSession
SqlSession [org.apache.ibatis.session.defaults.DefaultSqlSession@3598fd3b] was not registered for synchronization because synchronization is not active
JDBC Connection [HikariProxyConnection@833060688 wrapping com.mysql.cj.jdbc.ConnectionImpl@91a45cd] will not be managed by Spring
==>  Preparing: SELECT * FROM sys_user WHERE username = ?
==> Parameters: admin(String)
<==    Columns: id, username, password, nick_name, role, status, create_time
<==        Row: 1, admin, 0192023a7bbd73250516f069df18b500, 店长小李, ADMIN, 1, 2026-08-03 10:38:48
<==      Total: 1
Closing non transactional SqlSession [org.apache.ibatis.session.defaults.DefaultSqlSession@3598fd3b]
[INFO] ------------------------------------------------------------------------
[INFO] BUILD FAILURE
[INFO] ------------------------------------------------------------------------
[INFO] Total time:  23:32 min
[INFO] Finished at: 2026-08-13T12:53:06+08:00
[INFO] ------------------------------------------------------------------------
[ERROR] Failed to execute goal org.springframework.boot:spring-boot-maven-plugin:3.2.4:run (default-cli) on project auth-service: Process terminated with exit code: 1 -> [Help 1]
[ERROR] 
[ERROR] To see the full stack trace of the errors, re-run Maven with the -e switch.
[ERROR] Re-run Maven using the -X switch to enable full debug logging.
[ERROR] 
[ERROR] For more information about the errors and possible solutions, please read the following articles:
[ERROR] [Help 1] http://cwiki.apache.org/confluence/display/MAVEN/MojoExecutionException
