[INFO] Scanning for projects...
[WARNING] 
[WARNING] Some problems were encountered while building the effective model for com.zhixiang:auth-service:jar:1.0.0
[WARNING] 'dependencies.dependency.scope' for org.projectlombok:lombok:jar must be one of [provided, compile, runtime, test, system] but is 'annotationProcessor'. @ line 26, column 20
[WARNING] 
[WARNING] Some problems were encountered while building the effective model for com.zhixiang:trade-service:jar:1.0.0
[WARNING] 'dependencies.dependency.scope' for org.projectlombok:lombok:jar must be one of [provided, compile, runtime, test, system] but is 'annotationProcessor'. @ line 26, column 20
[WARNING] 
[WARNING] Some problems were encountered while building the effective model for com.zhixiang:ops-service:jar:1.0.0
[WARNING] 'dependencies.dependency.scope' for org.projectlombok:lombok:jar must be one of [provided, compile, runtime, test, system] but is 'annotationProcessor'. @ line 26, column 20
[WARNING] 
[WARNING] Some problems were encountered while building the effective model for com.zhixiang:ai-service:jar:1.0.0
[WARNING] 'dependencies.dependency.scope' for org.projectlombok:lombok:jar must be one of [provided, compile, runtime, test, system] but is 'annotationProcessor'. @ line 26, column 20
[WARNING] 
[WARNING] It is highly recommended to fix these problems because they threaten the stability of your build.
[WARNING] 
[WARNING] For this reason, future Maven versions might no longer support building such malformed projects.
[WARNING] 
[INFO] 
[INFO] ----------------------< com.zhixiang:ops-service >----------------------
[INFO] Building ops-service 1.0.0
[INFO]   from pom.xml
[INFO] --------------------------------[ jar ]---------------------------------
[INFO] 
[INFO] >>> spring-boot:3.2.4:run (default-cli) > test-compile @ ops-service >>>
[INFO] 
[INFO] --- resources:3.3.1:resources (default-resources) @ ops-service ---
[INFO] Copying 1 resource from src\main\resources to target\classes
[INFO] Copying 7 resources from src\main\resources to target\classes
[INFO] 
[INFO] --- compiler:3.11.0:compile (default-compile) @ ops-service ---
[INFO] Changes detected - recompiling the module! :source
[INFO] Compiling 30 source files with javac [debug release 17] to target\classes
[INFO] 
[INFO] --- resources:3.3.1:testResources (default-testResources) @ ops-service ---
[INFO] skip non existing resourceDirectory C:\Users\35456\Desktop\rag\backend\ops-service\src\test\resources
[INFO] 
[INFO] --- compiler:3.11.0:testCompile (default-testCompile) @ ops-service ---
[INFO] No sources to compile
[INFO] 
[INFO] <<< spring-boot:3.2.4:run (default-cli) < test-compile @ ops-service <<<
[INFO] 
[INFO] 
[INFO] --- spring-boot:3.2.4:run (default-cli) @ ops-service ---
[INFO] Attaching agents: []

  .   ____          _            __ _ _
 /\\ / ___'_ __ _ _(_)_ __  __ _ \ \ \ \
( ( )\___ | '_ | '_| | '_ \/ _` | \ \ \ \
 \\/  ___)| |_)| | | | | || (_| |  ) ) ) )
  '  |____| .__|_| |_|_| |_\__, | / / / /
 =========|_|==============|___/=/_/_/_/
 :: Spring Boot ::                (v3.2.4)

2026-08-13T12:40:10.236+08:00  INFO 21032 --- [ops-service] [           main] com.zhixiang.ops.OpsApplication          : Starting OpsApplication using Java 17.0.9 with PID 21032 (C:\Users\35456\Desktop\rag\backend\ops-service\target\classes started by 35456 in C:\Users\35456\Desktop\rag\backend\ops-service)
2026-08-13T12:40:10.238+08:00 DEBUG 21032 --- [ops-service] [           main] com.zhixiang.ops.OpsApplication          : Running with Spring Boot v3.2.4, Spring v6.1.5
2026-08-13T12:40:10.238+08:00  INFO 21032 --- [ops-service] [           main] com.zhixiang.ops.OpsApplication          : No active profile set, falling back to 1 default profile: "default"
2026-08-13T12:40:10.270+08:00  WARN 21032 --- [ops-service] [           main] c.a.c.n.c.NacosConfigDataLoader          : [Nacos Config] config[dataId=ops-service.yml, group=RESTAURANT] is empty
2026-08-13T12:40:10.949+08:00  INFO 21032 --- [ops-service] [           main] .s.d.r.c.RepositoryConfigurationDelegate : Multiple Spring Data modules found, entering strict repository configuration mode
2026-08-13T12:40:10.953+08:00  INFO 21032 --- [ops-service] [           main] .s.d.r.c.RepositoryConfigurationDelegate : Bootstrapping Spring Data Redis repositories in DEFAULT mode.
2026-08-13T12:40:10.994+08:00  INFO 21032 --- [ops-service] [           main] .s.d.r.c.RepositoryConfigurationDelegate : Finished Spring Data repository scanning in 19 ms. Found 0 Redis repository interfaces.
2026-08-13T12:40:11.154+08:00  INFO 21032 --- [ops-service] [           main] o.s.cloud.context.scope.GenericScope     : BeanFactory id=5dd453a8-c1b1-3839-9f99-4e13f03d1f3e
2026-08-13T12:40:11.558+08:00  INFO 21032 --- [ops-service] [           main] o.s.b.w.embedded.tomcat.TomcatWebServer  : Tomcat initialized with port 8083 (http)
2026-08-13T12:40:11.566+08:00  INFO 21032 --- [ops-service] [           main] o.apache.catalina.core.StandardService   : Starting service [Tomcat]
2026-08-13T12:40:11.566+08:00  INFO 21032 --- [ops-service] [           main] o.apache.catalina.core.StandardEngine    : Starting Servlet engine: [Apache Tomcat/10.1.19]
2026-08-13T12:40:11.637+08:00  INFO 21032 --- [ops-service] [           main] o.a.c.c.C.[Tomcat].[localhost].[/api]    : Initializing Spring embedded WebApplicationContext
2026-08-13T12:40:11.637+08:00  INFO 21032 --- [ops-service] [           main] w.s.c.ServletWebServerApplicationContext : Root WebApplicationContext: initialization completed in 1366 ms
Logging initialized using 'class org.apache.ibatis.logging.stdout.StdOutImpl' adapter.
Get /172.29.240.1 network interface 
Get network interface info: name:eth10 (Hyper-V Virtual Ethernet Adapter)
Initialization Sequence datacenterId:1 workerId:31
 _ _   |_  _ _|_. ___ _ |    _ 
| | |\/|_)(_| | |_\  |_)||_|_\ 
     /               |         
                        3.5.7 
2026-08-13T12:40:14.229+08:00  INFO 21032 --- [ops-service] [           main] o.s.cloud.commons.util.InetUtils         : Cannot determine local hostname
2026-08-13T12:40:14.242+08:00  INFO 21032 --- [ops-service] [           main] o.s.b.a.e.web.EndpointLinksResolver      : Exposing 18 endpoint(s) beneath base path '/actuator'
2026-08-13T12:40:14.334+08:00  INFO 21032 --- [ops-service] [           main] o.s.b.w.embedded.tomcat.TomcatWebServer  : Tomcat started on port 8083 (http) with context path '/api'
2026-08-13T12:40:14.337+08:00  INFO 21032 --- [ops-service] [           main] com.alibaba.nacos.client.naming          : initializer namespace from ans.namespace attribute : null
2026-08-13T12:40:14.337+08:00  INFO 21032 --- [ops-service] [           main] com.alibaba.nacos.client.naming          : initializer namespace from ALIBABA_ALIWARE_NAMESPACE attribute :null
2026-08-13T12:40:14.337+08:00  INFO 21032 --- [ops-service] [           main] com.alibaba.nacos.client.naming          : initializer namespace from namespace attribute :null
2026-08-13T12:40:14.353+08:00  INFO 21032 --- [ops-service] [           main] com.alibaba.nacos.client.naming          : FailoverDataSource type is class com.alibaba.nacos.client.naming.backups.datasource.DiskFailoverDataSource
2026-08-13T12:40:14.353+08:00  INFO 21032 --- [ops-service] [           main] c.a.n.p.a.s.c.ClientAuthPluginManager    : [ClientAuthPluginManager] Load ClientAuthService com.alibaba.nacos.client.auth.impl.NacosClientAuthServiceImpl success.
2026-08-13T12:40:14.353+08:00  INFO 21032 --- [ops-service] [           main] c.a.n.p.a.s.c.ClientAuthPluginManager    : [ClientAuthPluginManager] Load ClientAuthService com.alibaba.nacos.client.auth.ram.RamClientAuthServiceImpl success.
2026-08-13T12:40:14.353+08:00  INFO 21032 --- [ops-service] [           main] com.alibaba.nacos.common.remote.client   : [RpcClientFactory] create a new rpc client of 582701bd-650b-47f7-81e6-f38111baa267
2026-08-13T12:40:14.353+08:00  INFO 21032 --- [ops-service] [           main] com.alibaba.nacos.client.naming          : Create naming rpc client for uuid->582701bd-650b-47f7-81e6-f38111baa267
2026-08-13T12:40:14.353+08:00  INFO 21032 --- [ops-service] [           main] com.alibaba.nacos.common.remote.client   : [582701bd-650b-47f7-81e6-f38111baa267] RpcClient init, ServerListFactory = com.alibaba.nacos.client.naming.core.ServerListManager
2026-08-13T12:40:14.353+08:00  INFO 21032 --- [ops-service] [           main] com.alibaba.nacos.common.remote.client   : [582701bd-650b-47f7-81e6-f38111baa267] Registry connection listener to current client:com.alibaba.nacos.client.naming.remote.gprc.redo.NamingGrpcRedoService
2026-08-13T12:40:14.353+08:00  INFO 21032 --- [ops-service] [           main] com.alibaba.nacos.common.remote.client   : [582701bd-650b-47f7-81e6-f38111baa267] Register server push request handler:com.alibaba.nacos.client.naming.remote.gprc.NamingPushRequestHandler
2026-08-13T12:40:14.353+08:00  INFO 21032 --- [ops-service] [           main] com.alibaba.nacos.common.remote.client   : [582701bd-650b-47f7-81e6-f38111baa267] Try to connect to server on start up, server: {serverIp = '127.0.0.1', server main port = 8848}
2026-08-13T12:40:14.353+08:00  INFO 21032 --- [ops-service] [           main] c.a.n.c.remote.client.grpc.GrpcClient    : grpc client connection server:127.0.0.1 ip,serverPort:9848,grpcTslConfig:{"sslProvider":"","enableTls":false,"mutualAuthEnable":false,"trustAll":false}
2026-08-13T12:40:14.377+08:00  INFO 21032 --- [ops-service] [           main] com.alibaba.nacos.common.remote.client   : [582701bd-650b-47f7-81e6-f38111baa267] Success to connect to server [127.0.0.1:8848] on start up, connectionId = 1786596014371_127.0.0.1_58943
2026-08-13T12:40:14.377+08:00  INFO 21032 --- [ops-service] [           main] com.alibaba.nacos.common.remote.client   : [582701bd-650b-47f7-81e6-f38111baa267] Register server push request handler:com.alibaba.nacos.common.remote.client.RpcClient$ConnectResetRequestHandler
2026-08-13T12:40:14.377+08:00  INFO 21032 --- [ops-service] [           main] com.alibaba.nacos.common.remote.client   : [582701bd-650b-47f7-81e6-f38111baa267] Register server push request handler:com.alibaba.nacos.common.remote.client.RpcClient$$Lambda$293/0x000001a181350688
2026-08-13T12:40:14.377+08:00  INFO 21032 --- [ops-service] [remote.worker.0] com.alibaba.nacos.common.remote.client   : [582701bd-650b-47f7-81e6-f38111baa267] Notify connected event to listeners.
2026-08-13T12:40:14.377+08:00  INFO 21032 --- [ops-service] [remote.worker.0] com.alibaba.nacos.client.naming          : Grpc connection connect
2026-08-13T12:40:14.377+08:00  INFO 21032 --- [ops-service] [           main] com.alibaba.nacos.client.naming          : [REGISTER-SERVICE] public registering service ops-service with instance Instance{instanceId='null', ip='127.0.0.1', port=8083, weight=1.0, healthy=true, enabled=true, ephemeral=true, clusterName='DEFAULT', serviceName='null', metadata={preserved.register.source=SPRING_CLOUD}}
2026-08-13T12:40:14.377+08:00  INFO 21032 --- [ops-service] [           main] c.a.c.n.registry.NacosServiceRegistry    : nacos registry, RESTAURANT ops-service 127.0.0.1:8083 register finished
2026-08-13T12:40:15.655+08:00  INFO 21032 --- [ops-service] [           main] o.s.cloud.commons.util.InetUtils         : Cannot determine local hostname
2026-08-13T12:40:15.679+08:00  INFO 21032 --- [ops-service] [           main] com.zhixiang.ops.OpsApplication          : Started OpsApplication in 8.229 seconds (process running for 8.474)
2026-08-13T12:40:15.745+08:00  INFO 21032 --- [ops-service] [           main] c.a.nacos.client.config.impl.CacheData   : config listener notify warn timeout millis use default 60000 millis 
2026-08-13T12:40:15.745+08:00  INFO 21032 --- [ops-service] [           main] c.a.nacos.client.config.impl.CacheData   : nacos.cache.data.init.snapshot = true 
2026-08-13T12:40:15.745+08:00  INFO 21032 --- [ops-service] [           main] c.a.n.client.config.impl.ClientWorker    : [fixed-127.0.0.1_8848] [subscribe] ops-service.yml+RESTAURANT
2026-08-13T12:40:15.750+08:00  INFO 21032 --- [ops-service] [           main] c.a.nacos.client.config.impl.CacheData   : [fixed-127.0.0.1_8848] [add-listener] ok, tenant=, dataId=ops-service.yml, group=RESTAURANT, cnt=1
2026-08-13T12:40:15.750+08:00  INFO 21032 --- [ops-service] [           main] c.a.c.n.refresh.NacosContextRefresher    : [Nacos Config] Listening config: dataId=ops-service.yml, group=RESTAURANT
2026-08-13T12:46:02.914+08:00  INFO 21032 --- [ops-service] [nio-8083-exec-1] o.a.c.c.C.[Tomcat].[localhost].[/api]    : Initializing Spring DispatcherServlet 'dispatcherServlet'
2026-08-13T12:46:02.914+08:00  INFO 21032 --- [ops-service] [nio-8083-exec-1] o.s.web.servlet.DispatcherServlet        : Initializing Servlet 'dispatcherServlet'
2026-08-13T12:46:02.914+08:00  INFO 21032 --- [ops-service] [nio-8083-exec-1] o.s.web.servlet.DispatcherServlet        : Completed initialization in 0 ms
2026-08-13T12:46:03.135+08:00  INFO 21032 --- [ops-service] [nio-8083-exec-1] com.zaxxer.hikari.HikariDataSource       : HikariPool-1 - Starting...
2026-08-13T12:46:03.510+08:00  INFO 21032 --- [ops-service] [nio-8083-exec-1] com.zaxxer.hikari.pool.HikariPool        : HikariPool-1 - Added connection com.mysql.cj.jdbc.ConnectionImpl@5010be16
2026-08-13T12:46:03.518+08:00  INFO 21032 --- [ops-service] [nio-8083-exec-1] com.zaxxer.hikari.HikariDataSource       : HikariPool-1 - Start completed.
[INFO] ------------------------------------------------------------------------
[INFO] BUILD FAILURE
[INFO] ------------------------------------------------------------------------
[INFO] Total time:  16:40 min
[INFO] Finished at: 2026-08-13T12:56:44+08:00
[INFO] ------------------------------------------------------------------------
[ERROR] Failed to execute goal org.springframework.boot:spring-boot-maven-plugin:3.2.4:run (default-cli) on project ops-service: Process terminated with exit code: 1 -> [Help 1]
[ERROR] 
[ERROR] To see the full stack trace of the errors, re-run Maven with the -e switch.
[ERROR] Re-run Maven using the -X switch to enable full debug logging.
[ERROR] 
[ERROR] For more information about the errors and possible solutions, please read the following articles:
[ERROR] [Help 1] http://cwiki.apache.org/confluence/display/MAVEN/MojoExecutionException
